// Jest Snapshot v1, https://goo.gl/fbAQLP

exports[`#createUserSettingsEntity should convert to entity 1`] = `
Object {
  "_class": Array [
    "Configuration",
  ],
  "_key": "zoom_user_settings:test-id",
  "_rawData": Array [
    Object {
      "name": "default",
      "rawData": Object {
        "audio_conferencing": Object {
          "toll_free_and_fee_based_toll_call": Object {
            "enable": false,
          },
        },
        "email_notification": Object {
          "alternative_host_reminder": true,
          "cancel_meeting_reminder": true,
          "cloud_recording_available_reminder": true,
          "jbh_reminder": true,
          "schedule_for_reminder": true,
        },
        "feature": Object {
          "cn_meeting": false,
          "concurrent_meeting": "None",
          "in_meeting": false,
          "large_meeting": false,
          "meeting_capacity": 100,
          "webinar": false,
          "zoom_events": false,
          "zoom_phone": false,
        },
        "in_meeting": Object {
          "allow_live_streaming": false,
          "allow_participants_chat_with": 4,
          "allow_participants_to_rename": true,
          "allow_users_save_chats": 3,
          "annotation": true,
          "attendee_on_hold": false,
          "auto_saving_chat": false,
          "breakout_room": false,
          "chat": true,
          "closed_caption": false,
          "co_host": false,
          "custom_data_center_regions": false,
          "e2e_encryption": false,
          "entry_exit_chime": "none",
          "far_end_camera_control": false,
          "feedback": true,
          "file_transfer": false,
          "group_hd": false,
          "meeting_reactions": true,
          "non_verbal_feedback": false,
          "polling": false,
          "private_chat": true,
          "record_play_voice": false,
          "remote_control": true,
          "remote_support": false,
          "request_permission_to_unmute_participants": false,
          "screen_sharing": true,
          "show_a_join_from_your_browser_link": false,
          "show_meeting_control_toolbar": false,
          "virtual_background": true,
          "virtual_background_settings": Object {
            "allow_upload_custom": true,
            "allow_videos": true,
            "enable": true,
            "files": Array [],
          },
          "waiting_room": false,
          "webinar_chat": Object {},
          "webinar_live_streaming": Object {},
          "who_can_share_screen": "host",
          "who_can_share_screen_when_someone_is_sharing": "host",
        },
        "integration": Object {
          "linkedin_sales_navigator": false,
        },
        "profile": Object {
          "recording_storage_location": Object {
            "allowed_values": Array [],
            "value": "US",
          },
        },
        "recording": Object {
          "auto_delete_cmr": false,
          "auto_recording": "none",
          "cloud_recording": true,
          "host_delete_cloud_recording": true,
          "ip_address_access_control": Object {
            "enable": false,
          },
          "local_recording": true,
          "record_audio_file": true,
          "record_gallery_view": false,
          "record_speaker_view": true,
          "recording_disclaimer": false,
          "recording_password_requirement": Object {
            "have_letter": true,
            "have_number": true,
            "have_special_character": true,
            "length": 8,
            "only_allow_numeric": false,
          },
          "required_password_for_shared_cloud_recordings": true,
          "save_chat_text": true,
          "show_timestamp": false,
        },
        "schedule_meeting": Object {
          "audio_type": "both",
          "embed_password_in_join_link": true,
          "force_pmi_jbh_password": true,
          "host_video": false,
          "join_before_host": false,
          "meeting_password_requirement": Object {
            "consecutive_characters_length": 0,
            "have_letter": false,
            "have_number": false,
            "have_special_character": false,
            "have_upper_and_lower_characters": false,
            "length": 0,
            "only_allow_numeric": false,
            "weak_enhance_detection": false,
          },
          "mute_upon_entry": false,
          "participants_video": false,
          "personal_meeting": true,
          "pmi_password": "123456",
          "pstn_password_protected": true,
          "require_password_for_instant_meetings": true,
          "require_password_for_pmi_meetings": "all",
          "require_password_for_scheduling_new_meetings": true,
          "use_pmi_for_instant_meetings": false,
          "use_pmi_for_scheduled_meetings": false,
        },
        "telephony": Object {
          "audio_conference_info": "",
          "show_international_numbers_link": true,
          "telephony_regions": Object {
            "allowed_values": Array [],
            "selection_value": "USTB",
          },
          "third_party_audio": false,
        },
        "tsp": Object {},
      },
    },
  ],
  "_type": "zoom_user_settings",
  "audioConferencingTollFreeAndFeeBasedTollCallAllowWebinarAttendeesDial": undefined,
  "audioConferencingTollFreeAndFeeBasedTollCallEnable": false,
  "createdOn": undefined,
  "displayName": "undefined settings",
  "emailNotificationAlternativeHostReminder": true,
  "emailNotificationCancelMeetingReminder": true,
  "emailNotificationCloudRecordingAvailableReminder": true,
  "emailNotificationJbhReminder": true,
  "emailNotificationScheduleForReminder": true,
  "featureCnMeeting": false,
  "featureConcurrentMeeting": "None",
  "featureInMeeting": false,
  "featureLargeMeeting": false,
  "featureLargeMeetingCapacity": undefined,
  "featureMeetingCapacity": 100,
  "featureWebinar": false,
  "featureWebinarCapacity": undefined,
  "featureZoomEvents": false,
  "featureZoomEventsCapacity": undefined,
  "featureZoomPhone": false,
  "inMeetingAllowLiveStreaming": false,
  "inMeetingAllowParticipantsChatWith": 4,
  "inMeetingAllowParticipantsToRename": true,
  "inMeetingAllowUsersSaveChats": 3,
  "inMeetingAnnotation": true,
  "inMeetingAttendeeOnHold": false,
  "inMeetingAutoSavingChat": false,
  "inMeetingBreakoutRoom": false,
  "inMeetingBreakoutRoomSchedule": undefined,
  "inMeetingChat": true,
  "inMeetingClosedCaption": false,
  "inMeetingCoHost": false,
  "inMeetingCustomDataCenterRegions": false,
  "inMeetingCustomLiveStreamingService": undefined,
  "inMeetingCustomServiceInstructions": undefined,
  "inMeetingDataCenterRegions": undefined,
  "inMeetingE2eEncryption": false,
  "inMeetingEntryExitChime": "none",
  "inMeetingFarEndCameraControl": false,
  "inMeetingFeedbacl": true,
  "inMeetingFileTransfer": false,
  "inMeetingGroupHd": false,
  "inMeetingJoinFromDesktop": undefined,
  "inMeetingJoinFromMobile": undefined,
  "inMeetingLiveStreamingFacebook": undefined,
  "inMeetingLiveStreamingYoutube": undefined,
  "inMeetingMeetingReactions": true,
  "inMeetingNonVerbalFeedback": false,
  "inMeetingPolling": false,
  "inMeetingPrivateChat": true,
  "inMeetingRecordPlayVoice": false,
  "inMeetingRemoteControl": true,
  "inMeetingRemoteSupport": false,
  "inMeetingRequestPermissionToUnmute": undefined,
  "inMeetingRequestPermissionToUnmuteParticipants": false,
  "inMeetingScreenSharing": true,
  "inMeetingShareDualCamera": undefined,
  "inMeetingShowAJoinFromYourBrowserLink": false,
  "inMeetingShowMeetingControlToolbar": false,
  "inMeetingVirtualBackground": true,
  "inMeetingVirtualBackgroundSettingsAllowUploadCustom": true,
  "inMeetingVirtualBackgroundSettingsAllowVideos": true,
  "inMeetingVirtualBackgroundSettingsEnable": true,
  "inMeetingWaitingRoom": false,
  "inMeetingWebinarChatAllowAttendeesChatWith": undefined,
  "inMeetingWebinarChatAllowAutoSaveLocalChatFile": undefined,
  "inMeetingWebinarChatAllowPanelistsChatWith": undefined,
  "inMeetingWebinarChatAllowPanelistsSendDirectMessage": undefined,
  "inMeetingWebinarChatAllowUsersSaveChats": undefined,
  "inMeetingWebinarChatDefaultAttendeesChatWith": undefined,
  "inMeetingWebinarChatEnable": undefined,
  "inMeetingWebinarLiveStreamingCustomServiceInstructions": undefined,
  "inMeetingWebinarLiveStreamingEnable": undefined,
  "inMeetingWebinarLiveStreamingLiveStreamingReminder": undefined,
  "inMeetingWebinarLiveStreamingLiveStreamingService": undefined,
  "inMeetingWhoCanShareScreen": "host",
  "inMeetingWhoCanShareScreenWhenSomeoneIsSharing": "host",
  "inMeetingWorkplaceByFacebook": undefined,
  "meetingAuthentication": undefined,
  "meetingSecurityAutoSecurity": undefined,
  "meetingSecurityBlockUserDomain": undefined,
  "meetingSecurityBlockUserDomainList": undefined,
  "meetingSecurityEmbedPasswordInJoinLink": undefined,
  "meetingSecurityEncryptionType": undefined,
  "meetingSecurityEndToEndEncryptedMeetings": undefined,
  "meetingSecurityMeetingPassword": undefined,
  "meetingSecurityMeetingPasswordRequirementConsecutiveCharactersLength": undefined,
  "meetingSecurityMeetingPasswordRequirementHaveLetter": undefined,
  "meetingSecurityMeetingPasswordRequirementHaveNumber": undefined,
  "meetingSecurityMeetingPasswordRequirementHaveSpecialCharacter": undefined,
  "meetingSecurityMeetingPasswordRequirementHaveUpperAndLowerCharacters": undefined,
  "meetingSecurityMeetingPasswordRequirementLength": undefined,
  "meetingSecurityMeetingPasswordRequirementOnlyAllowNumeric": undefined,
  "meetingSecurityMeetingPasswordRequirementWeakEnhanceDetection": undefined,
  "meetingSecurityPhonePassword": undefined,
  "meetingSecurityPmiPassword": undefined,
  "meetingSecurityRequirePasswordForScheduledMeeting": undefined,
  "meetingSecurityRequirePasswordForScheduledWebinar": undefined,
  "meetingSecurityWaitingRoom": undefined,
  "meetingSecurityWaitingRoomSettingsParticipantsToPlaceInWaitingRoom": undefined,
  "meetingSecurityWaitingRoomSettingsUsersWhoCanAdmitParticipantsFromWaitingRoom": undefined,
  "meetingSecurityWaitingRoomSettingsWhitelistedDomainsForWaitingRoom": undefined,
  "meetingSecurityWebinarPassword": undefined,
  "name": "undefined settings",
  "profileRecordingStorageLocationAllowedValues": Array [],
  "profileRecordingStorageLocationValue": "US",
  "recordingAskHostToConfirmDisclaimer": undefined,
  "recordingAskParticipantsToConsentDisclaimer": undefined,
  "recordingAuthentication": undefined,
  "recordingAutoDeleteCmr": false,
  "recordingAutoDeleteCmrData": undefined,
  "recordingAutoRecording": "none",
  "recordingCloudRecording": true,
  "recordingHostDeleteCloudRecording": true,
  "recordingHostPauseStopRecording": undefined,
  "recordingIpAddressAccessControlEnable": false,
  "recordingIpAddressAccessControlIpAddressesOrRanges": undefined,
  "recordingLocalRecording": true,
  "recordingRecordAudioFile": true,
  "recordingRecordGalleryView": false,
  "recordingRecordSpeakerView": true,
  "recordingRecordingAudioTranscript": undefined,
  "recordingRecordingDisclaimer": false,
  "recordingRecordingPasswordRequirementHaveLetter": true,
  "recordingRecordingPasswordRequirementHaveNumber": true,
  "recordingRecordingPasswordRequirementHaveSpecialCharacter": true,
  "recordingRecordingPasswordRequirementLength": 8,
  "recordingRecordingPasswordRequirementOnlyAllowNumeric": false,
  "recordingRequirePasswordForSharedCloudRecordings": true,
  "recordingSaveChatText": true,
  "recordingShowTimestamp": false,
  "scheduleMeetingAudioType": "both",
  "scheduleMeetingDefaultPasswordForScheduledMeetings": undefined,
  "scheduleMeetingEmbedPasswordInJoinLink": true,
  "scheduleMeetingForcePmiJbhPassword": true,
  "scheduleMeetingHostVideo": false,
  "scheduleMeetingJoinBeforeHost": false,
  "scheduleMeetingMeetingPasswordRequirementConsecutiveCharactersLength": 0,
  "scheduleMeetingMeetingPasswordRequirementHaveLetter": false,
  "scheduleMeetingMeetingPasswordRequirementHaveNumber": false,
  "scheduleMeetingMeetingPasswordRequirementHaveSpecialCharacter": false,
  "scheduleMeetingMeetingPasswordRequirementHaveUpperAndLowerCharacters": false,
  "scheduleMeetingMeetingPasswordRequirementLength": 0,
  "scheduleMeetingMeetingPasswordRequirementOnlyAllowNumeric": false,
  "scheduleMeetingMeetingPasswordRequirementWeakEnhanceDetection": false,
  "scheduleMeetingMuteUponEntry": false,
  "scheduleMeetingParticipantsVideo": false,
  "scheduleMeetingPersonalMeeting": true,
  "scheduleMeetingPmiPassword": "123456",
  "scheduleMeetingPstnPasswordProtected": true,
  "scheduleMeetingRequirePasswordForInstantMeetings": true,
  "scheduleMeetingRequirePasswordForPmiMeetings": "all",
  "scheduleMeetingRequirePasswordForScheduledmeetings": undefined,
  "scheduleMeetingRequirePasswordForSchedulingNewMeetings": true,
  "scheduleMeetingUsePmiForInstantMeetings": false,
  "scheduleMeetingUsePmiForScheduledMeetings": false,
  "telephonyAudioConferenceInfo": "",
  "telephonyShowInternationalNumbersLink": true,
  "telephonyTelephonyRegionsAllowedValues": Array [],
  "telephonyTelephonyRegionsSelectionValue": "USTB",
  "telephonyThirdPartyAudio": false,
  "tspCallOut": undefined,
  "tspCallOutCountries": undefined,
  "tspShowInternationalNumbersLink": undefined,
}
`;
