// Jest Snapshot v1, https://goo.gl/fbAQLP

exports[`#fetchUserSettings should collect data 1`] = `
Object {
  "collectedEntities": Array [
    Object {
      "_class": Array [
        "User",
      ],
      "_key": "zoom_user:a18JbG_DQketjPo0Y8wYqg",
      "_rawData": Array [
        Object {
          "name": "default",
          "rawData": Object {
            "created_at": "2021-10-28T03:49:40Z",
            "dept": "Test",
            "email": "tj2488801@gmail.com",
            "first_name": "J1",
            "group_ids": Array [
              "ppUAdwEBRFCdRE0mfLttog",
            ],
            "id": "a18JbG_DQketjPo0Y8wYqg",
            "language": "en-US",
            "last_login_time": "2021-10-28T03:52:40Z",
            "last_name": "Test",
            "phone_number": "",
            "pic_url": "https://lh3.googleusercontent.com/a/AATXAJy4ZWS6WyBZvx4Ujm476PKw65aih3KL0KVnJBTS=s96-c",
            "pmi": 2434936199,
            "role_id": "2",
            "status": "active",
            "timezone": "",
            "type": 1,
            "verified": 1,
          },
        },
      ],
      "_type": "zoom_user",
      "active": true,
      "createdAt": "2021-10-28T03:49:40Z",
      "createdOn": undefined,
      "dept": "Test",
      "displayName": "J1 Test",
      "email": "tj2488801@gmail.com",
      "firstName": "J1",
      "groupIds": Array [
        "ppUAdwEBRFCdRE0mfLttog",
      ],
      "hostKey": undefined,
      "id": "a18JbG_DQketjPo0Y8wYqg",
      "language": "en-US",
      "lastClientVersion": undefined,
      "lastLoginTime": "2021-10-28T03:52:40Z",
      "lastName": "Test",
      "name": "J1 Test",
      "phoneNumber": "",
      "picUrl": "https://lh3.googleusercontent.com/a/AATXAJy4ZWS6WyBZvx4Ujm476PKw65aih3KL0KVnJBTS=s96-c",
      "pmi": 2434936199,
      "roleId": "2",
      "status": "active",
      "timezone": "",
      "type": 1,
      "username": "tj2488801@gmail.com",
      "verified": 1,
    },
    Object {
      "_class": Array [
        "User",
      ],
      "_key": "zoom_user:H9Yx0-O8QUCXVIseYAsjaA",
      "_rawData": Array [
        Object {
          "name": "default",
          "rawData": Object {
            "created_at": "2021-10-27T00:00:49Z",
            "email": "development@jupiterone.dev",
            "first_name": "JupiterOne",
            "group_ids": Array [
              "ppUAdwEBRFCdRE0mfLttog",
            ],
            "id": "H9Yx0-O8QUCXVIseYAsjaA",
            "language": "",
            "last_login_time": "2021-11-02T09:51:57Z",
            "last_name": "Development",
            "phone_number": "",
            "pmi": 4440405982,
            "role_id": "0",
            "status": "active",
            "timezone": "America/New_York",
            "type": 2,
            "verified": 1,
          },
        },
      ],
      "_type": "zoom_user",
      "active": true,
      "createdAt": "2021-10-27T00:00:49Z",
      "createdOn": undefined,
      "dept": undefined,
      "displayName": "JupiterOne Development",
      "email": "development@jupiterone.dev",
      "firstName": "JupiterOne",
      "groupIds": Array [
        "ppUAdwEBRFCdRE0mfLttog",
      ],
      "hostKey": undefined,
      "id": "H9Yx0-O8QUCXVIseYAsjaA",
      "language": "",
      "lastClientVersion": undefined,
      "lastLoginTime": "2021-11-02T09:51:57Z",
      "lastName": "Development",
      "name": "JupiterOne Development",
      "phoneNumber": "",
      "picUrl": undefined,
      "pmi": 4440405982,
      "roleId": "0",
      "status": "active",
      "timezone": "America/New_York",
      "type": 2,
      "username": "development@jupiterone.dev",
      "verified": 1,
    },
    Object {
      "_class": Array [
        "Configuration",
      ],
      "_key": "zoom_user_settings:a18JbG_DQketjPo0Y8wYqg",
      "_rawData": Array [
        Object {
          "name": "default",
          "rawData": Object {
            "audio_conferencing": Object {
              "toll_free_and_fee_based_toll_call": Object {
                "enable": false,
              },
            },
            "authentication_options": Array [
              Object {
                "default_option": true,
                "id": "signIn_N0oChUdLTrCZLfk9JXp3Hw",
                "name": "Sign in to Zoom",
                "type": "enforce_login",
                "visible": true,
              },
            ],
            "email_notification": Object {
              "cancel_meeting_reminder": true,
              "jbh_reminder": true,
            },
            "feature": Object {
              "cn_meeting": false,
              "in_meeting": false,
              "large_meeting": false,
              "meeting_capacity": 100,
              "webinar": false,
              "zoom_events": false,
              "zoom_phone": false,
            },
            "in_meeting": Object {
              "allow_live_streaming": false,
              "allow_participants_chat_with": 4,
              "allow_participants_to_rename": true,
              "allow_users_save_chats": 3,
              "annotation": true,
              "attendee_on_hold": false,
              "auto_saving_chat": false,
              "breakout_room": false,
              "chat": true,
              "closed_caption": false,
              "co_host": false,
              "custom_data_center_regions": false,
              "e2e_encryption": false,
              "entry_exit_chime": "none",
              "far_end_camera_control": false,
              "feedback": true,
              "file_transfer": false,
              "group_hd": false,
              "meeting_reactions": true,
              "non_verbal_feedback": false,
              "private_chat": true,
              "record_play_voice": false,
              "remote_control": true,
              "remote_support": false,
              "request_permission_to_unmute_participants": false,
              "screen_sharing": true,
              "show_a_join_from_your_browser_link": false,
              "show_meeting_control_toolbar": false,
              "virtual_background": true,
              "virtual_background_settings": Object {
                "allow_upload_custom": true,
                "allow_videos": true,
                "enable": true,
                "files": Array [
                  Object {
                    "is_default": true,
                    "name": "San Francisco",
                    "type": "image",
                  },
                  Object {
                    "is_default": true,
                    "name": "Grass",
                    "type": "image",
                  },
                  Object {
                    "is_default": true,
                    "name": "Earth",
                    "type": "image",
                  },
                  Object {
                    "is_default": true,
                    "name": "Beach",
                    "type": "video",
                  },
                  Object {
                    "is_default": true,
                    "name": "Northern Lights",
                    "type": "video",
                  },
                ],
              },
              "waiting_room": false,
              "webinar_chat": Object {},
              "webinar_live_streaming": Object {},
              "who_can_share_screen": "host",
              "who_can_share_screen_when_someone_is_sharing": "host",
            },
            "integration": Object {
              "linkedin_sales_navigator": false,
            },
            "meeting_authentication": false,
            "meeting_security": Object {
              "approved_or_denied_countries_or_regions": Object {
                "enable": false,
              },
              "auto_security": true,
              "block_user_domain": false,
              "embed_password_in_join_link": true,
              "meeting_password": true,
              "meeting_password_requirement": Object {
                "consecutive_characters_length": 0,
                "have_letter": false,
                "have_number": false,
                "have_special_character": false,
                "have_upper_and_lower_characters": false,
                "length": 0,
                "only_allow_numeric": false,
                "weak_enhance_detection": false,
              },
              "password_for_pmi": "w7TmMt",
              "phone_password": true,
              "pmi_password": true,
              "require_password_for_scheduled_meeting": false,
              "waiting_room": false,
              "waiting_room_settings": Object {
                "participants_to_place_in_waiting_room": 0,
              },
            },
            "profile": Object {
              "recording_storage_location": Object {
                "allowed_values": Array [
                  "US",
                  "AU",
                  "CA",
                  "DE",
                  "SG",
                  "BR",
                  "JP",
                ],
                "value": "US",
              },
            },
            "recording": Object {
              "auto_delete_cmr": false,
              "auto_recording": "none",
              "ip_address_access_control": Object {
                "enable": false,
              },
              "local_recording": true,
              "recording_disclaimer": false,
              "recording_password_requirement": Object {
                "have_letter": true,
                "have_number": true,
                "have_special_character": true,
                "length": 8,
                "only_allow_numeric": false,
              },
            },
            "recording_authentication": false,
            "schedule_meeting": Object {
              "audio_type": "both",
              "embed_password_in_join_link": true,
              "force_pmi_jbh_password": true,
              "host_video": false,
              "join_before_host": false,
              "meeting_password_requirement": Object {
                "consecutive_characters_length": 0,
                "have_letter": false,
                "have_number": false,
                "have_special_character": false,
                "have_upper_and_lower_characters": false,
                "length": 0,
                "only_allow_numeric": false,
                "weak_enhance_detection": false,
              },
              "mute_upon_entry": false,
              "participants_video": false,
              "personal_meeting": true,
              "pmi_password": "w7TmMt",
              "pstn_password_protected": true,
              "require_password_for_instant_meetings": true,
              "require_password_for_pmi_meetings": "all",
              "require_password_for_scheduling_new_meetings": true,
              "use_pmi_for_instant_meetings": false,
              "use_pmi_for_scheduled_meetings": false,
            },
            "telephony": Object {
              "audio_conference_info": "",
              "show_international_numbers_link": true,
              "telephony_regions": Object {
                "allowed_values": Array [
                  "CATB",
                  "EUTB_FR",
                  "EUTB_AM",
                  "USTB",
                  "AUTB",
                  "EUTB",
                ],
                "selection_value": "USTB",
              },
              "third_party_audio": false,
            },
            "tsp": Object {},
          },
        },
      ],
      "_type": "zoom_user_settings",
      "audioConferencingTollFreeAndFeeBasedTollCallAllowWebinarAttendeesDial": undefined,
      "audioConferencingTollFreeAndFeeBasedTollCallEnable": false,
      "createdOn": undefined,
      "displayName": "tj2488801@gmail.com settings",
      "emailNotificationAlternativeHostReminder": undefined,
      "emailNotificationCancelMeetingReminder": true,
      "emailNotificationCloudRecordingAvailableReminder": undefined,
      "emailNotificationJbhReminder": true,
      "emailNotificationScheduleForReminder": undefined,
      "featureCnMeeting": false,
      "featureConcurrentMeeting": undefined,
      "featureInMeeting": false,
      "featureLargeMeeting": false,
      "featureLargeMeetingCapacity": undefined,
      "featureMeetingCapacity": 100,
      "featureWebinar": false,
      "featureWebinarCapacity": undefined,
      "featureZoomEvents": false,
      "featureZoomEventsCapacity": undefined,
      "featureZoomPhone": false,
      "inMeetingAllowLiveStreaming": false,
      "inMeetingAllowParticipantsChatWith": 4,
      "inMeetingAllowParticipantsToRename": true,
      "inMeetingAllowUsersSaveChats": 3,
      "inMeetingAnnotation": true,
      "inMeetingAttendeeOnHold": false,
      "inMeetingAutoSavingChat": false,
      "inMeetingBreakoutRoom": false,
      "inMeetingBreakoutRoomSchedule": undefined,
      "inMeetingChat": true,
      "inMeetingClosedCaption": false,
      "inMeetingCoHost": false,
      "inMeetingCustomDataCenterRegions": false,
      "inMeetingCustomLiveStreamingService": undefined,
      "inMeetingCustomServiceInstructions": undefined,
      "inMeetingDataCenterRegions": undefined,
      "inMeetingE2eEncryption": false,
      "inMeetingEntryExitChime": "none",
      "inMeetingFarEndCameraControl": false,
      "inMeetingFeedbacl": true,
      "inMeetingFileTransfer": false,
      "inMeetingGroupHd": false,
      "inMeetingJoinFromDesktop": undefined,
      "inMeetingJoinFromMobile": undefined,
      "inMeetingLiveStreamingFacebook": undefined,
      "inMeetingLiveStreamingYoutube": undefined,
      "inMeetingMeetingReactions": true,
      "inMeetingNonVerbalFeedback": false,
      "inMeetingPolling": undefined,
      "inMeetingPrivateChat": true,
      "inMeetingRecordPlayVoice": false,
      "inMeetingRemoteControl": true,
      "inMeetingRemoteSupport": false,
      "inMeetingRequestPermissionToUnmute": undefined,
      "inMeetingRequestPermissionToUnmuteParticipants": false,
      "inMeetingScreenSharing": true,
      "inMeetingShareDualCamera": undefined,
      "inMeetingShowAJoinFromYourBrowserLink": false,
      "inMeetingShowMeetingControlToolbar": false,
      "inMeetingVirtualBackground": true,
      "inMeetingVirtualBackgroundSettingsAllowUploadCustom": true,
      "inMeetingVirtualBackgroundSettingsAllowVideos": true,
      "inMeetingVirtualBackgroundSettingsEnable": true,
      "inMeetingWaitingRoom": false,
      "inMeetingWebinarChatAllowAttendeesChatWith": undefined,
      "inMeetingWebinarChatAllowAutoSaveLocalChatFile": undefined,
      "inMeetingWebinarChatAllowPanelistsChatWith": undefined,
      "inMeetingWebinarChatAllowPanelistsSendDirectMessage": undefined,
      "inMeetingWebinarChatAllowUsersSaveChats": undefined,
      "inMeetingWebinarChatDefaultAttendeesChatWith": undefined,
      "inMeetingWebinarChatEnable": undefined,
      "inMeetingWebinarLiveStreamingCustomServiceInstructions": undefined,
      "inMeetingWebinarLiveStreamingEnable": undefined,
      "inMeetingWebinarLiveStreamingLiveStreamingReminder": undefined,
      "inMeetingWebinarLiveStreamingLiveStreamingService": undefined,
      "inMeetingWhoCanShareScreen": "host",
      "inMeetingWhoCanShareScreenWhenSomeoneIsSharing": "host",
      "inMeetingWorkplaceByFacebook": undefined,
      "meetingAuthentication": false,
      "meetingSecurityAutoSecurity": true,
      "meetingSecurityBlockUserDomain": false,
      "meetingSecurityBlockUserDomainList": undefined,
      "meetingSecurityEmbedPasswordInJoinLink": true,
      "meetingSecurityEncryptionType": undefined,
      "meetingSecurityEndToEndEncryptedMeetings": undefined,
      "meetingSecurityMeetingPassword": true,
      "meetingSecurityMeetingPasswordRequirementConsecutiveCharactersLength": 0,
      "meetingSecurityMeetingPasswordRequirementHaveLetter": false,
      "meetingSecurityMeetingPasswordRequirementHaveNumber": false,
      "meetingSecurityMeetingPasswordRequirementHaveSpecialCharacter": false,
      "meetingSecurityMeetingPasswordRequirementHaveUpperAndLowerCharacters": false,
      "meetingSecurityMeetingPasswordRequirementLength": 0,
      "meetingSecurityMeetingPasswordRequirementOnlyAllowNumeric": false,
      "meetingSecurityMeetingPasswordRequirementWeakEnhanceDetection": false,
      "meetingSecurityPhonePassword": true,
      "meetingSecurityPmiPassword": true,
      "meetingSecurityRequirePasswordForScheduledMeeting": false,
      "meetingSecurityRequirePasswordForScheduledWebinar": undefined,
      "meetingSecurityWaitingRoom": false,
      "meetingSecurityWaitingRoomSettingsParticipantsToPlaceInWaitingRoom": 0,
      "meetingSecurityWaitingRoomSettingsUsersWhoCanAdmitParticipantsFromWaitingRoom": undefined,
      "meetingSecurityWaitingRoomSettingsWhitelistedDomainsForWaitingRoom": undefined,
      "meetingSecurityWebinarPassword": undefined,
      "name": "tj2488801@gmail.com settings",
      "profileRecordingStorageLocationAllowedValues": Array [
        "US",
        "AU",
        "CA",
        "DE",
        "SG",
        "BR",
        "JP",
      ],
      "profileRecordingStorageLocationValue": "US",
      "recordingAskHostToConfirmDisclaimer": undefined,
      "recordingAskParticipantsToConsentDisclaimer": undefined,
      "recordingAuthentication": false,
      "recordingAutoDeleteCmr": false,
      "recordingAutoDeleteCmrData": undefined,
      "recordingAutoRecording": "none",
      "recordingCloudRecording": undefined,
      "recordingHostDeleteCloudRecording": undefined,
      "recordingHostPauseStopRecording": undefined,
      "recordingIpAddressAccessControlEnable": false,
      "recordingIpAddressAccessControlIpAddressesOrRanges": undefined,
      "recordingLocalRecording": true,
      "recordingRecordAudioFile": undefined,
      "recordingRecordGalleryView": undefined,
      "recordingRecordSpeakerView": undefined,
      "recordingRecordingAudioTranscript": undefined,
      "recordingRecordingDisclaimer": false,
      "recordingRecordingPasswordRequirementHaveLetter": true,
      "recordingRecordingPasswordRequirementHaveNumber": true,
      "recordingRecordingPasswordRequirementHaveSpecialCharacter": true,
      "recordingRecordingPasswordRequirementLength": 8,
      "recordingRecordingPasswordRequirementOnlyAllowNumeric": false,
      "recordingRequirePasswordForSharedCloudRecordings": undefined,
      "recordingSaveChatText": undefined,
      "recordingShowTimestamp": undefined,
      "scheduleMeetingAudioType": "both",
      "scheduleMeetingDefaultPasswordForScheduledMeetings": undefined,
      "scheduleMeetingEmbedPasswordInJoinLink": true,
      "scheduleMeetingForcePmiJbhPassword": true,
      "scheduleMeetingHostVideo": false,
      "scheduleMeetingJoinBeforeHost": false,
      "scheduleMeetingMeetingPasswordRequirementConsecutiveCharactersLength": 0,
      "scheduleMeetingMeetingPasswordRequirementHaveLetter": false,
      "scheduleMeetingMeetingPasswordRequirementHaveNumber": false,
      "scheduleMeetingMeetingPasswordRequirementHaveSpecialCharacter": false,
      "scheduleMeetingMeetingPasswordRequirementHaveUpperAndLowerCharacters": false,
      "scheduleMeetingMeetingPasswordRequirementLength": 0,
      "scheduleMeetingMeetingPasswordRequirementOnlyAllowNumeric": false,
      "scheduleMeetingMeetingPasswordRequirementWeakEnhanceDetection": false,
      "scheduleMeetingMuteUponEntry": false,
      "scheduleMeetingParticipantsVideo": false,
      "scheduleMeetingPersonalMeeting": true,
      "scheduleMeetingPmiPassword": "w7TmMt",
      "scheduleMeetingPstnPasswordProtected": true,
      "scheduleMeetingRequirePasswordForInstantMeetings": true,
      "scheduleMeetingRequirePasswordForPmiMeetings": "all",
      "scheduleMeetingRequirePasswordForScheduledmeetings": undefined,
      "scheduleMeetingRequirePasswordForSchedulingNewMeetings": true,
      "scheduleMeetingUsePmiForInstantMeetings": false,
      "scheduleMeetingUsePmiForScheduledMeetings": false,
      "telephonyAudioConferenceInfo": "",
      "telephonyShowInternationalNumbersLink": true,
      "telephonyTelephonyRegionsAllowedValues": Array [
        "CATB",
        "EUTB_FR",
        "EUTB_AM",
        "USTB",
        "AUTB",
        "EUTB",
      ],
      "telephonyTelephonyRegionsSelectionValue": "USTB",
      "telephonyThirdPartyAudio": false,
      "tspCallOut": undefined,
      "tspCallOutCountries": undefined,
      "tspShowInternationalNumbersLink": undefined,
    },
    Object {
      "_class": Array [
        "Configuration",
      ],
      "_key": "zoom_user_settings:H9Yx0-O8QUCXVIseYAsjaA",
      "_rawData": Array [
        Object {
          "name": "default",
          "rawData": Object {
            "audio_conferencing": Object {
              "toll_free_and_fee_based_toll_call": Object {
                "enable": false,
              },
            },
            "authentication_options": Array [
              Object {
                "default_option": true,
                "id": "signIn_N0oChUdLTrCZLfk9JXp3Hw",
                "name": "Sign in to Zoom",
                "type": "enforce_login",
                "visible": true,
              },
            ],
            "email_notification": Object {
              "alternative_host_reminder": true,
              "cancel_meeting_reminder": true,
              "cloud_recording_available_reminder": true,
              "jbh_reminder": true,
              "schedule_for_reminder": true,
            },
            "feature": Object {
              "cn_meeting": false,
              "concurrent_meeting": "None",
              "in_meeting": false,
              "large_meeting": false,
              "meeting_capacity": 100,
              "webinar": false,
              "zoom_events": false,
              "zoom_phone": false,
            },
            "in_meeting": Object {
              "allow_live_streaming": false,
              "allow_participants_chat_with": 4,
              "allow_participants_to_rename": true,
              "allow_users_save_chats": 3,
              "annotation": true,
              "attendee_on_hold": false,
              "auto_saving_chat": false,
              "breakout_room": false,
              "chat": true,
              "closed_caption": false,
              "co_host": false,
              "custom_data_center_regions": false,
              "e2e_encryption": false,
              "entry_exit_chime": "none",
              "far_end_camera_control": false,
              "feedback": true,
              "file_transfer": false,
              "group_hd": false,
              "meeting_reactions": true,
              "non_verbal_feedback": false,
              "polling": false,
              "private_chat": true,
              "record_play_voice": false,
              "remote_control": true,
              "remote_support": false,
              "request_permission_to_unmute_participants": false,
              "screen_sharing": true,
              "show_a_join_from_your_browser_link": false,
              "show_meeting_control_toolbar": false,
              "virtual_background": true,
              "virtual_background_settings": Object {
                "allow_upload_custom": true,
                "allow_videos": true,
                "enable": true,
                "files": Array [
                  Object {
                    "is_default": true,
                    "name": "San Francisco",
                    "type": "image",
                  },
                  Object {
                    "is_default": true,
                    "name": "Grass",
                    "type": "image",
                  },
                  Object {
                    "is_default": true,
                    "name": "Earth",
                    "type": "image",
                  },
                  Object {
                    "is_default": true,
                    "name": "Beach",
                    "type": "video",
                  },
                  Object {
                    "is_default": true,
                    "name": "Northern Lights",
                    "type": "video",
                  },
                ],
              },
              "waiting_room": false,
              "webinar_chat": Object {},
              "webinar_live_streaming": Object {},
              "who_can_share_screen": "host",
              "who_can_share_screen_when_someone_is_sharing": "host",
            },
            "integration": Object {
              "linkedin_sales_navigator": false,
            },
            "meeting_authentication": false,
            "meeting_security": Object {
              "approved_or_denied_countries_or_regions": Object {
                "enable": false,
              },
              "auto_security": true,
              "block_user_domain": false,
              "embed_password_in_join_link": true,
              "meeting_password": true,
              "meeting_password_requirement": Object {
                "consecutive_characters_length": 0,
                "have_letter": false,
                "have_number": false,
                "have_special_character": false,
                "have_upper_and_lower_characters": false,
                "length": 0,
                "only_allow_numeric": false,
                "weak_enhance_detection": false,
              },
              "password_for_pmi": "792824",
              "phone_password": true,
              "pmi_password": true,
              "require_password_for_scheduled_meeting": false,
              "waiting_room": false,
              "waiting_room_settings": Object {
                "participants_to_place_in_waiting_room": 0,
              },
            },
            "profile": Object {
              "recording_storage_location": Object {
                "allowed_values": Array [
                  "US",
                  "AU",
                  "CA",
                  "DE",
                  "SG",
                  "BR",
                  "JP",
                ],
                "value": "US",
              },
            },
            "recording": Object {
              "auto_delete_cmr": false,
              "auto_recording": "none",
              "cloud_recording": true,
              "host_delete_cloud_recording": true,
              "ip_address_access_control": Object {
                "enable": false,
              },
              "local_recording": true,
              "record_audio_file": true,
              "record_gallery_view": false,
              "record_speaker_view": true,
              "recording_disclaimer": false,
              "recording_password_requirement": Object {
                "have_letter": true,
                "have_number": true,
                "have_special_character": true,
                "length": 8,
                "only_allow_numeric": false,
              },
              "required_password_for_shared_cloud_recordings": true,
              "save_chat_text": true,
              "show_timestamp": false,
            },
            "recording_authentication": false,
            "schedule_meeting": Object {
              "audio_type": "both",
              "embed_password_in_join_link": true,
              "force_pmi_jbh_password": true,
              "host_video": false,
              "join_before_host": false,
              "meeting_password_requirement": Object {
                "consecutive_characters_length": 0,
                "have_letter": false,
                "have_number": false,
                "have_special_character": false,
                "have_upper_and_lower_characters": false,
                "length": 0,
                "only_allow_numeric": false,
                "weak_enhance_detection": false,
              },
              "mute_upon_entry": false,
              "participants_video": false,
              "personal_meeting": true,
              "pmi_password": "792824",
              "pstn_password_protected": true,
              "require_password_for_instant_meetings": true,
              "require_password_for_pmi_meetings": "all",
              "require_password_for_scheduling_new_meetings": true,
              "use_pmi_for_instant_meetings": false,
              "use_pmi_for_scheduled_meetings": false,
            },
            "telephony": Object {
              "audio_conference_info": "",
              "show_international_numbers_link": true,
              "telephony_regions": Object {
                "allowed_values": Array [
                  "CATB",
                  "EUTB_FR",
                  "EUTB_AM",
                  "USTB",
                  "AUTB",
                  "EUTB",
                ],
                "selection_value": "USTB",
              },
              "third_party_audio": false,
            },
            "tsp": Object {},
          },
        },
      ],
      "_type": "zoom_user_settings",
      "audioConferencingTollFreeAndFeeBasedTollCallAllowWebinarAttendeesDial": undefined,
      "audioConferencingTollFreeAndFeeBasedTollCallEnable": false,
      "createdOn": undefined,
      "displayName": "development@jupiterone.dev settings",
      "emailNotificationAlternativeHostReminder": true,
      "emailNotificationCancelMeetingReminder": true,
      "emailNotificationCloudRecordingAvailableReminder": true,
      "emailNotificationJbhReminder": true,
      "emailNotificationScheduleForReminder": true,
      "featureCnMeeting": false,
      "featureConcurrentMeeting": "None",
      "featureInMeeting": false,
      "featureLargeMeeting": false,
      "featureLargeMeetingCapacity": undefined,
      "featureMeetingCapacity": 100,
      "featureWebinar": false,
      "featureWebinarCapacity": undefined,
      "featureZoomEvents": false,
      "featureZoomEventsCapacity": undefined,
      "featureZoomPhone": false,
      "inMeetingAllowLiveStreaming": false,
      "inMeetingAllowParticipantsChatWith": 4,
      "inMeetingAllowParticipantsToRename": true,
      "inMeetingAllowUsersSaveChats": 3,
      "inMeetingAnnotation": true,
      "inMeetingAttendeeOnHold": false,
      "inMeetingAutoSavingChat": false,
      "inMeetingBreakoutRoom": false,
      "inMeetingBreakoutRoomSchedule": undefined,
      "inMeetingChat": true,
      "inMeetingClosedCaption": false,
      "inMeetingCoHost": false,
      "inMeetingCustomDataCenterRegions": false,
      "inMeetingCustomLiveStreamingService": undefined,
      "inMeetingCustomServiceInstructions": undefined,
      "inMeetingDataCenterRegions": undefined,
      "inMeetingE2eEncryption": false,
      "inMeetingEntryExitChime": "none",
      "inMeetingFarEndCameraControl": false,
      "inMeetingFeedbacl": true,
      "inMeetingFileTransfer": false,
      "inMeetingGroupHd": false,
      "inMeetingJoinFromDesktop": undefined,
      "inMeetingJoinFromMobile": undefined,
      "inMeetingLiveStreamingFacebook": undefined,
      "inMeetingLiveStreamingYoutube": undefined,
      "inMeetingMeetingReactions": true,
      "inMeetingNonVerbalFeedback": false,
      "inMeetingPolling": false,
      "inMeetingPrivateChat": true,
      "inMeetingRecordPlayVoice": false,
      "inMeetingRemoteControl": true,
      "inMeetingRemoteSupport": false,
      "inMeetingRequestPermissionToUnmute": undefined,
      "inMeetingRequestPermissionToUnmuteParticipants": false,
      "inMeetingScreenSharing": true,
      "inMeetingShareDualCamera": undefined,
      "inMeetingShowAJoinFromYourBrowserLink": false,
      "inMeetingShowMeetingControlToolbar": false,
      "inMeetingVirtualBackground": true,
      "inMeetingVirtualBackgroundSettingsAllowUploadCustom": true,
      "inMeetingVirtualBackgroundSettingsAllowVideos": true,
      "inMeetingVirtualBackgroundSettingsEnable": true,
      "inMeetingWaitingRoom": false,
      "inMeetingWebinarChatAllowAttendeesChatWith": undefined,
      "inMeetingWebinarChatAllowAutoSaveLocalChatFile": undefined,
      "inMeetingWebinarChatAllowPanelistsChatWith": undefined,
      "inMeetingWebinarChatAllowPanelistsSendDirectMessage": undefined,
      "inMeetingWebinarChatAllowUsersSaveChats": undefined,
      "inMeetingWebinarChatDefaultAttendeesChatWith": undefined,
      "inMeetingWebinarChatEnable": undefined,
      "inMeetingWebinarLiveStreamingCustomServiceInstructions": undefined,
      "inMeetingWebinarLiveStreamingEnable": undefined,
      "inMeetingWebinarLiveStreamingLiveStreamingReminder": undefined,
      "inMeetingWebinarLiveStreamingLiveStreamingService": undefined,
      "inMeetingWhoCanShareScreen": "host",
      "inMeetingWhoCanShareScreenWhenSomeoneIsSharing": "host",
      "inMeetingWorkplaceByFacebook": undefined,
      "meetingAuthentication": false,
      "meetingSecurityAutoSecurity": true,
      "meetingSecurityBlockUserDomain": false,
      "meetingSecurityBlockUserDomainList": undefined,
      "meetingSecurityEmbedPasswordInJoinLink": true,
      "meetingSecurityEncryptionType": undefined,
      "meetingSecurityEndToEndEncryptedMeetings": undefined,
      "meetingSecurityMeetingPassword": true,
      "meetingSecurityMeetingPasswordRequirementConsecutiveCharactersLength": 0,
      "meetingSecurityMeetingPasswordRequirementHaveLetter": false,
      "meetingSecurityMeetingPasswordRequirementHaveNumber": false,
      "meetingSecurityMeetingPasswordRequirementHaveSpecialCharacter": false,
      "meetingSecurityMeetingPasswordRequirementHaveUpperAndLowerCharacters": false,
      "meetingSecurityMeetingPasswordRequirementLength": 0,
      "meetingSecurityMeetingPasswordRequirementOnlyAllowNumeric": false,
      "meetingSecurityMeetingPasswordRequirementWeakEnhanceDetection": false,
      "meetingSecurityPhonePassword": true,
      "meetingSecurityPmiPassword": true,
      "meetingSecurityRequirePasswordForScheduledMeeting": false,
      "meetingSecurityRequirePasswordForScheduledWebinar": undefined,
      "meetingSecurityWaitingRoom": false,
      "meetingSecurityWaitingRoomSettingsParticipantsToPlaceInWaitingRoom": 0,
      "meetingSecurityWaitingRoomSettingsUsersWhoCanAdmitParticipantsFromWaitingRoom": undefined,
      "meetingSecurityWaitingRoomSettingsWhitelistedDomainsForWaitingRoom": undefined,
      "meetingSecurityWebinarPassword": undefined,
      "name": "development@jupiterone.dev settings",
      "profileRecordingStorageLocationAllowedValues": Array [
        "US",
        "AU",
        "CA",
        "DE",
        "SG",
        "BR",
        "JP",
      ],
      "profileRecordingStorageLocationValue": "US",
      "recordingAskHostToConfirmDisclaimer": undefined,
      "recordingAskParticipantsToConsentDisclaimer": undefined,
      "recordingAuthentication": false,
      "recordingAutoDeleteCmr": false,
      "recordingAutoDeleteCmrData": undefined,
      "recordingAutoRecording": "none",
      "recordingCloudRecording": true,
      "recordingHostDeleteCloudRecording": true,
      "recordingHostPauseStopRecording": undefined,
      "recordingIpAddressAccessControlEnable": false,
      "recordingIpAddressAccessControlIpAddressesOrRanges": undefined,
      "recordingLocalRecording": true,
      "recordingRecordAudioFile": true,
      "recordingRecordGalleryView": false,
      "recordingRecordSpeakerView": true,
      "recordingRecordingAudioTranscript": undefined,
      "recordingRecordingDisclaimer": false,
      "recordingRecordingPasswordRequirementHaveLetter": true,
      "recordingRecordingPasswordRequirementHaveNumber": true,
      "recordingRecordingPasswordRequirementHaveSpecialCharacter": true,
      "recordingRecordingPasswordRequirementLength": 8,
      "recordingRecordingPasswordRequirementOnlyAllowNumeric": false,
      "recordingRequirePasswordForSharedCloudRecordings": true,
      "recordingSaveChatText": true,
      "recordingShowTimestamp": false,
      "scheduleMeetingAudioType": "both",
      "scheduleMeetingDefaultPasswordForScheduledMeetings": undefined,
      "scheduleMeetingEmbedPasswordInJoinLink": true,
      "scheduleMeetingForcePmiJbhPassword": true,
      "scheduleMeetingHostVideo": false,
      "scheduleMeetingJoinBeforeHost": false,
      "scheduleMeetingMeetingPasswordRequirementConsecutiveCharactersLength": 0,
      "scheduleMeetingMeetingPasswordRequirementHaveLetter": false,
      "scheduleMeetingMeetingPasswordRequirementHaveNumber": false,
      "scheduleMeetingMeetingPasswordRequirementHaveSpecialCharacter": false,
      "scheduleMeetingMeetingPasswordRequirementHaveUpperAndLowerCharacters": false,
      "scheduleMeetingMeetingPasswordRequirementLength": 0,
      "scheduleMeetingMeetingPasswordRequirementOnlyAllowNumeric": false,
      "scheduleMeetingMeetingPasswordRequirementWeakEnhanceDetection": false,
      "scheduleMeetingMuteUponEntry": false,
      "scheduleMeetingParticipantsVideo": false,
      "scheduleMeetingPersonalMeeting": true,
      "scheduleMeetingPmiPassword": "792824",
      "scheduleMeetingPstnPasswordProtected": true,
      "scheduleMeetingRequirePasswordForInstantMeetings": true,
      "scheduleMeetingRequirePasswordForPmiMeetings": "all",
      "scheduleMeetingRequirePasswordForScheduledmeetings": undefined,
      "scheduleMeetingRequirePasswordForSchedulingNewMeetings": true,
      "scheduleMeetingUsePmiForInstantMeetings": false,
      "scheduleMeetingUsePmiForScheduledMeetings": false,
      "telephonyAudioConferenceInfo": "",
      "telephonyShowInternationalNumbersLink": true,
      "telephonyTelephonyRegionsAllowedValues": Array [
        "CATB",
        "EUTB_FR",
        "EUTB_AM",
        "USTB",
        "AUTB",
        "EUTB",
      ],
      "telephonyTelephonyRegionsSelectionValue": "USTB",
      "telephonyThirdPartyAudio": false,
      "tspCallOut": undefined,
      "tspCallOutCountries": undefined,
      "tspShowInternationalNumbersLink": undefined,
    },
  ],
  "collectedRelationships": Array [
    Object {
      "_class": "HAS",
      "_fromEntityKey": "zoom_user:a18JbG_DQketjPo0Y8wYqg",
      "_key": "zoom_user:a18JbG_DQketjPo0Y8wYqg|has|zoom_user_settings:a18JbG_DQketjPo0Y8wYqg",
      "_toEntityKey": "zoom_user_settings:a18JbG_DQketjPo0Y8wYqg",
      "_type": "zoom_user_has_settings",
      "displayName": "HAS",
    },
    Object {
      "_class": "HAS",
      "_fromEntityKey": "zoom_user:H9Yx0-O8QUCXVIseYAsjaA",
      "_key": "zoom_user:H9Yx0-O8QUCXVIseYAsjaA|has|zoom_user_settings:H9Yx0-O8QUCXVIseYAsjaA",
      "_toEntityKey": "zoom_user_settings:H9Yx0-O8QUCXVIseYAsjaA",
      "_type": "zoom_user_has_settings",
      "displayName": "HAS",
    },
  ],
  "encounteredTypes": Array [
    "zoom_user",
    "zoom_user_settings",
    "zoom_user_has_settings",
  ],
  "numCollectedEntities": 4,
  "numCollectedRelationships": 2,
}
`;
