// Jest Snapshot v1, https://goo.gl/fbAQLP

exports[`#fetchUsers should collect data 1`] = `
Object {
  "collectedEntities": Array [
    Object {
      "_class": Array [
        "User",
      ],
      "_key": "zoom_user:Qky6bkpAS1KoDGWeh6dsMg",
      "_rawData": Array [
        Object {
          "name": "default",
          "rawData": Object {
            "created_at": "2019-01-23T11:23:52Z",
            "email": "pgilaga@gmail.com",
            "first_name": "Paul Grant",
            "id": "Qky6bkpAS1KoDGWeh6dsMg",
            "language": "en-US",
            "last_client_version": "5.7.1.543(win)",
            "last_login_time": "2021-10-24T05:51:26Z",
            "last_name": "Ilaga",
            "phone_number": "",
            "pic_url": "https://lh3.googleusercontent.com/a-/AOh14GiueuReYwcg_vJoqRWnBC8cq7GbiWmi9bdTbs55MQ",
            "pmi": 6629177735,
            "role_id": "0",
            "status": "active",
            "timezone": "",
            "type": 1,
            "verified": 1,
          },
        },
      ],
      "_type": "zoom_user",
      "active": true,
      "createdOn": undefined,
      "displayName": "Paul Grant Ilaga",
      "email": "pgilaga@gmail.com",
      "id": "Qky6bkpAS1KoDGWeh6dsMg",
      "name": "Paul Grant Ilaga",
      "status": "active",
      "username": "pgilaga@gmail.com",
    },
  ],
  "encounteredTypes": Array [
    "zoom_user",
  ],
  "numCollectedEntities": 1,
}
`;
