// Jest Snapshot v1, https://goo.gl/fbAQLP

exports[`#createAccountEntity should convert to entity 1`] = `
Object {
  "_class": Array [
    "User",
  ],
  "_key": "zoom_account:sample-id",
  "_rawData": Array [
    Object {
      "name": "default",
      "rawData": Object {
        "created_at": "2000-01-23T11:23:52Z",
        "dept": "sample-dept",
        "email": "test@email.com",
        "first_name": "John",
        "group_ids": Array [
          "1",
          "2",
        ],
        "host_key": "sample-host-key",
        "id": "sample-id",
        "language": "en-US",
        "last_client_version": "5.7.1.543(win)",
        "last_login_time": "2000-10-24T01:31:01Z",
        "last_name": "Doe",
        "phone_number": "",
        "pic_url": "https://sample.url",
        "pmi": 111,
        "role_id": "0",
        "status": "active",
        "timezone": "",
        "type": 1,
        "verified": 1,
      },
    },
  ],
  "_type": "zoom_account",
  "active": true,
  "createdOn": undefined,
  "displayName": "John Doe",
  "email": "test@email.com",
  "id": "sample-id",
  "name": "John Doe",
  "status": "active",
  "username": "test@email.com",
}
`;
